<testsuites id="" name="" tests="12" failures="0" skipped="0" errors="0" time="1.6610630000000002">
<testsuite name="api\create-posts.spec.ts" timestamp="2026-07-18T14:39:27.279Z" hostname="" tests="2" failures="0" skipped="0" time="0.656" errors="0">
<testcase name="POST posts API › creates a post successfully" classname="api\create-posts.spec.ts" time="0.334">
<system-out>
<![CDATA[Request succeeded with status 201
]]>
</system-out>
</testcase>
<testcase name="POST posts API › fails when required title is missing" classname="api\create-posts.spec.ts" time="0.322">
<system-out>
<![CDATA[Request succeeded with status 201
]]>
</system-out>
</testcase>
</testsuite>
<testsuite name="api\delete-posts.spec.ts" timestamp="2026-07-18T14:39:27.279Z" hostname="" tests="2" failures="0" skipped="0" time="0.641" errors="0">
<testcase name="DELETE posts API › deletes an existing post successfully" classname="api\delete-posts.spec.ts" time="0.318">
<system-out>
<![CDATA[Request succeeded with status 200
]]>
</system-out>
</testcase>
<testcase name="DELETE posts API › handles deleting a non-existing post gracefully" classname="api\delete-posts.spec.ts" time="0.323">
<system-out>
<![CDATA[Request succeeded with status 200
]]>
</system-out>
</testcase>
</testsuite>
<testsuite name="api\get-posts.spec.ts" timestamp="2026-07-18T14:39:27.279Z" hostname="" tests="2" failures="0" skipped="0" time="0.255" errors="0">
<testcase name="GET posts API › gets an existing post successfully" classname="api\get-posts.spec.ts" time="0.128">
<system-out>
<![CDATA[Request succeeded with status 200
]]>
</system-out>
</testcase>
<testcase name="GET posts API › returns a not-found error for a non-existing post" classname="api\get-posts.spec.ts" time="0.127">
<system-err>
<![CDATA[Request failed with status 404 and body: {}
]]>
</system-err>
</testcase>
</testsuite>
<testsuite name="api\update-posts.spec.ts" timestamp="2026-07-18T14:39:27.279Z" hostname="" tests="2" failures="0" skipped="0" time="0.867" errors="0">
<testcase name="PUT posts API › updates an existing post successfully" classname="api\update-posts.spec.ts" time="0.23">
<system-out>
<![CDATA[Request succeeded with status 200
]]>
</system-out>
</testcase>
<testcase name="PUT posts API › returns a not-found error for updating a non-existing post" classname="api\update-posts.spec.ts" time="0.637">
<system-err>
<![CDATA[Request failed with status 500 and body: null
]]>
</system-err>
</testcase>
</testsuite>
<testsuite name="posts.spec.ts" timestamp="2026-07-18T14:39:27.279Z" hostname="" tests="4" failures="0" skipped="0" time="0.706" errors="0">
<testcase name="JSONPlaceholder Posts API › creates a post successfully" classname="posts.spec.ts" time="0.233">
<system-out>
<![CDATA[Request succeeded with status 201
]]>
</system-out>
</testcase>
<testcase name="JSONPlaceholder Posts API › gets a post successfully" classname="posts.spec.ts" time="0.023">
<system-out>
<![CDATA[Request succeeded with status 200
]]>
</system-out>
</testcase>
<testcase name="JSONPlaceholder Posts API › updates a post successfully" classname="posts.spec.ts" time="0.226">
<system-out>
<![CDATA[Request succeeded with status 200
]]>
</system-out>
</testcase>
<testcase name="JSONPlaceholder Posts API › deletes a post successfully" classname="posts.spec.ts" time="0.224">
<system-out>
<![CDATA[Request succeeded with status 200
]]>
</system-out>
</testcase>
</testsuite>
</testsuites>